// Jest Snapshot v1, https://goo.gl/fbAQLP

exports[`computed value 1`] = `
"ComputedValue@2[function () {
    return 3;
  }]"
`;
