// Jest Snapshot v1, https://goo.gl/fbAQLP

exports[`trace 1`] = `
Array [
  "- INIT -",
  Arguments [
    "[mobx.trace] 'ObservableObject@1.fullname' tracing enabled",
  ],
  "- SECOND READ -",
  Arguments [
    "[mobx.trace] 'ObservableObject@1.fullname' is being read outside a reactive context. Doing a full recompute",
  ],
  "- REACTION -",
  Arguments [
    "[mobx.trace] 'loggerzz' tracing enabled",
  ],
  "- CHANGE -",
  Arguments [
    "[mobx.trace] 'ObservableObject@1.fullname' is invalidated due to a change in: 'ObservableObject@1.firstname'",
  ],
  Arguments [
    "[mobx.trace] 'loggerzz' is invalidated due to a change in: 'ObservableObject@1.fullname'",
  ],
  "- DISPOSE -",
]
`;
